  Determining projects to restore...
  All projects are up-to-date for restore.
  SharpCoreDB -> D:\source\repos\MPCoreDeveloper\SharpCoreDB\SharpCoreDB\bin\Debug\net10.0\SharpCoreDB.dll
  SharpCoreDB.EntityFrameworkCore -> D:\source\repos\MPCoreDeveloper\SharpCoreDB\SharpCoreDB.EntityFrameworkCore\bin\Debug\net10.0\SharpCoreDB.EntityFrameworkCore.dll
  SharpCoreDB.Tests -> D:\source\repos\MPCoreDeveloper\SharpCoreDB\SharpCoreDB.Tests\bin\Debug\net10.0\SharpCoreDB.Tests.dll
Test run for D:\source\repos\MPCoreDeveloper\SharpCoreDB\SharpCoreDB.Tests\bin\Debug\net10.0\SharpCoreDB.Tests.dll (.NETCoreApp,Version=v10.0)
VSTest version 18.0.1 (x64)

Starting test execution, please wait...
A total of 1 test files matched the specified pattern.
[xUnit.net 00:00:00.26]     SharpCoreDB.Tests.SqlParserErrorRecoveryTests.Parser_SQLFiddleExample1_ParsesOrRecovers [SKIP]
[xUnit.net 00:00:00.27]     SharpCoreDB.Tests.EFCoreTimeTrackingTests.CanUseLINQSumAggregation [SKIP]
[xUnit.net 00:00:00.32]     SharpCoreDB.Tests.SqlParserErrorRecoveryTests.Parser_MissingTableNameAfterJoin_RecordsError [SKIP]
[xUnit.net 00:00:00.32]     SharpCoreDB.Tests.SqlParserErrorRecoveryTests.Parser_SQLFiddleExample2_WithFullOuterJoin_Parses [SKIP]
  Skipped SharpCoreDB.Tests.SqlParserErrorRecoveryTests.Parser_SQLFiddleExample1_ParsesOrRecovers [1 ms]
  Skipped SharpCoreDB.Tests.EFCoreTimeTrackingTests.CanUseLINQSumAggregation [1 ms]
  Skipped SharpCoreDB.Tests.SqlParserErrorRecoveryTests.Parser_MissingTableNameAfterJoin_RecordsError [1 ms]
  Skipped SharpCoreDB.Tests.SqlParserErrorRecoveryTests.Parser_SQLFiddleExample2_WithFullOuterJoin_Parses [1 ms]
[xUnit.net 00:00:00.36]     SharpCoreDB.Tests.SqlParserErrorRecoveryTests.Parser_MalformedSQLFiddleQuery_RecordsErrorsButContinues [SKIP]
  Skipped SharpCoreDB.Tests.SqlParserErrorRecoveryTests.Parser_MalformedSQLFiddleQuery_RecordsErrorsButContinues [1 ms]
[xUnit.net 00:00:00.38]     SharpCoreDB.Tests.SqlParserErrorRecoveryTests.Parser_ComplexMalformedQuery_ContinuesParsing [SKIP]
  Skipped SharpCoreDB.Tests.SqlParserErrorRecoveryTests.Parser_ComplexMalformedQuery_ContinuesParsing [1 ms]
[xUnit.net 00:00:00.39]     SharpCoreDB.Tests.TableLazyIndexTests.LazyIndex_EagerBuildOption_LoadsImmediately [SKIP]
[xUnit.net 00:00:00.39]     SharpCoreDB.Tests.TableLazyIndexTests.LazyIndex_RegisteredButNotLoaded_UntilFirstQuery [SKIP]
[xUnit.net 00:00:00.39]     SharpCoreDB.Tests.TableLazyIndexTests.LazyIndex_StaleIndexRebuiltOnFirstUse [SKIP]
[xUnit.net 00:00:00.40]     SharpCoreDB.Tests.TableLazyIndexTests.LazyIndex_GetStatistics_ShowsCorrectState [SKIP]
[xUnit.net 00:00:00.40]     SharpCoreDB.Tests.TableLazyIndexTests.LazyIndex_SecondQueryUsesCache [SKIP]
[xUnit.net 00:00:00.40]     SharpCoreDB.Tests.TableLazyIndexTests.LazyIndex_LoadedOnFirstQuery [SKIP]
  Skipped SharpCoreDB.Tests.TableLazyIndexTests.LazyIndex_EagerBuildOption_LoadsImmediately [1 ms]
  Skipped SharpCoreDB.Tests.TableLazyIndexTests.LazyIndex_RegisteredButNotLoaded_UntilFirstQuery [1 ms]
  Skipped SharpCoreDB.Tests.TableLazyIndexTests.LazyIndex_StaleIndexRebuiltOnFirstUse [1 ms]
  Skipped SharpCoreDB.Tests.TableLazyIndexTests.LazyIndex_GetStatistics_ShowsCorrectState [1 ms]
  Skipped SharpCoreDB.Tests.TableLazyIndexTests.LazyIndex_SecondQueryUsesCache [1 ms]
  Skipped SharpCoreDB.Tests.TableLazyIndexTests.LazyIndex_LoadedOnFirstQuery [1 ms]
[xUnit.net 00:00:00.40]     SharpCoreDB.Tests.TableLazyIndexTests.LazyIndex_Delete_OnlyUpdatesLoadedIndexes [SKIP]
[xUnit.net 00:00:00.40]     SharpCoreDB.Tests.TableLazyIndexTests.LazyIndex_ThreadSafe_ConcurrentQueries [SKIP]
[xUnit.net 00:00:00.40]     SharpCoreDB.Tests.TableLazyIndexTests.LazyIndex_InsertMarksUnloadedIndexesStale [SKIP]
[xUnit.net 00:00:00.40]     SharpCoreDB.Tests.TableLazyIndexTests.LazyIndex_MemorySavings_UnusedIndexesNotLoaded [SKIP]
[xUnit.net 00:00:00.40]     SharpCoreDB.Tests.TableLazyIndexTests.LazyIndex_MultipleIndexes_OnlyUsedOnesLoaded [SKIP]
  Skipped SharpCoreDB.Tests.TableLazyIndexTests.LazyIndex_Delete_OnlyUpdatesLoadedIndexes [1 ms]
  Skipped SharpCoreDB.Tests.TableLazyIndexTests.LazyIndex_ThreadSafe_ConcurrentQueries [1 ms]
  Skipped SharpCoreDB.Tests.TableLazyIndexTests.LazyIndex_InsertMarksUnloadedIndexesStale [1 ms]
  Skipped SharpCoreDB.Tests.TableLazyIndexTests.LazyIndex_MemorySavings_UnusedIndexesNotLoaded [1 ms]
  Skipped SharpCoreDB.Tests.TableLazyIndexTests.LazyIndex_MultipleIndexes_OnlyUsedOnesLoaded [1 ms]
dotnet : [xUnit.net 00:00:00.52]     SharpCoreDB.Tests.GenericLoadTests.Colu
mnStore_WithMetrics_SIMD_Aggregates_100k [FAIL]
At line:1 char:5
+ & { dotnet test SharpCoreDB.Tests 2>&1 | Tee-Object test_log.txt | Se ...
+     ~~~~~~~~~~~~~~~~~~~~~~~~~~~~~~~~~~
    + CategoryInfo          : NotSpecified: ([xUnit.net 00:0...tes_100k [FA 
   IL]:String) [], RemoteException
    + FullyQualifiedErrorId : NativeCommandError
 
  Failed SharpCoreDB.Tests.GenericLoadTests.ColumnStore_WithMetrics_SIMD_Aggregates_100k [109 ms]
  Error Message:
   System.OverflowException : Arithmetic operation resulted in an overflow.
  Stack Trace:
     at System.Int32.System.Numerics.IAdditionOperators<System.Int32,System.Int32,System.Int32>.op_CheckedAddition(Int32 left, Int32 right)
   at System.Linq.Enumerable.Sum[T,TResult](ReadOnlySpan`1 span)
   at System.Linq.Enumerable.Sum[TSource,TResult](IEnumerable`1 source)
   at SharpCoreDB.ColumnStorage.ColumnStore`1.SumInt32ParallelSIMD(Int32[] data) in D:\source\repos\MPCoreDeveloper\SharpCoreDB\SharpCoreDB\Storage\ColumnStore.Aggregates.cs:line 214
   at SharpCoreDB.ColumnStorage.ColumnStore`1.SumInt32Adaptive(Int32ColumnBuffer buffer) in D:\source\repos\MPCoreDeveloper\SharpCoreDB\SharpCoreDB\Storage\ColumnStore.Aggregates.cs:line 132
   at SharpCoreDB.ColumnStorage.ColumnStore`1.Sum[TResult](String columnName) in D:\source\repos\MPCoreDeveloper\SharpCoreDB\SharpCoreDB\Storage\ColumnStore.Aggregates.cs:line 35
   at SharpCoreDB.Tests.GenericLoadTests.ColumnStore_WithMetrics_SIMD_Aggregates_100k() in D:\source\repos\MPCoreDeveloper\SharpCoreDB\SharpCoreDB.Tests\GenericLoadTests.cs:line 435
   at System.Reflection.MethodBaseInvoker.InterpretedInvoke_Method(Object obj, IntPtr* args)
   at System.Reflection.MethodBaseInvoker.InvokeWithNoArgs(Object obj, BindingFlags invokeAttr)
[xUnit.net 00:00:00.67]     SharpCoreDB.Tests.GenericLoadTests.LINQ_WithEnumFilters_Load5k [SKIP]
  Skipped SharpCoreDB.Tests.GenericLoadTests.LINQ_WithEnumFilters_Load5k [1 ms]
[xUnit.net 00:00:00.93]     SharpCoreDB.Tests.MvccAsyncBenchmark.MvccAsync_1
000ParallelSelects_Under10ms [FAIL]
[xUnit.net 00:00:00.96]     SharpCoreDB.Tests.DdlTests.AlterTableRename_Pres
ervesData [FAIL]
  Failed SharpCoreDB.Tests.MvccAsyncBenchmark.MvccAsync_1000ParallelSelects_Under10ms [480 ms]
  Error Message:
   Expected < 10ms, got 23,75ms
  Stack Trace:
     at SharpCoreDB.Tests.MvccAsyncBenchmark.MvccAsync_1000ParallelSelects_Under10ms() in D:\source\repos\MPCoreDeveloper\SharpCoreDB\SharpCoreDB.Tests\MvccAsyncBenchmark.cs:line 66
--- End of stack trace from previous location ---
  Failed SharpCoreDB.Tests.DdlTests.AlterTableRename_PreservesData [551 ms]
  Error Message:
   Assert.Equal() Failure: Values differ
Expected: 2
Actual:   6
  Stack Trace:
     at SharpCoreDB.Tests.DdlTests.AlterTableRename_PreservesData() in D:\source\repos\MPCoreDeveloper\SharpCoreDB\SharpCoreDB.Tests\DdlTests.cs:line 233
   at System.Reflection.MethodBaseInvoker.InterpretedInvoke_Method(Object obj, IntPtr* args)
   at System.Reflection.MethodBaseInvoker.InvokeWithNoArgs(Object obj, BindingFlags invokeAttr)
[xUnit.net 00:00:02.78]     SharpCoreDB.Tests.EFCoreTimeTrackingTests.CanQueryTimeEntries [SKIP]
[xUnit.net 00:00:02.79]     SharpCoreDB.Tests.EFCoreTimeTrackingTests.CanUseLINQGroupBy [SKIP]
  Skipped SharpCoreDB.Tests.EFCoreTimeTrackingTests.CanQueryTimeEntries [1 ms]
  Skipped SharpCoreDB.Tests.EFCoreTimeTrackingTests.CanUseLINQGroupBy [1 ms]
[xUnit.net 00:00:03.70]     SharpCoreDB.Tests.DdlTests.AlterTableRename_Rena
mesDataFile [FAIL]
  Failed SharpCoreDB.Tests.DdlTests.AlterTableRename_RenamesDataFile [611 ms]
  Error Message:
   Old data file should exist
  Stack Trace:
     at SharpCoreDB.Tests.DdlTests.AlterTableRename_RenamesDataFile() in D:\source\repos\MPCoreDeveloper\SharpCoreDB\SharpCoreDB.Tests\DdlTests.cs:line 210
   at System.Reflection.MethodBaseInvoker.InterpretedInvoke_Method(Object obj, IntPtr* args)
   at System.Reflection.MethodBaseInvoker.InvokeWithNoArgs(Object obj, BindingFlags invokeAttr)
[xUnit.net 00:00:04.27]     SharpCoreDB.Tests.DdlTests.DropTable_DeletesData
File [FAIL]
  Failed SharpCoreDB.Tests.DdlTests.DropTable_DeletesDataFile [565 ms]
  Error Message:
   Data file should exist before DROP
  Stack Trace:
     at SharpCoreDB.Tests.DdlTests.DropTable_DeletesDataFile() in D:\source\repos\MPCoreDeveloper\SharpCoreDB\SharpCoreDB.Tests\DdlTests.cs:line 81
   at System.Reflection.MethodBaseInvoker.InterpretedInvoke_Method(Object obj, IntPtr* args)
   at System.Reflection.MethodBaseInvoker.InvokeWithNoArgs(Object obj, BindingFlags invokeAttr)
[xUnit.net 00:00:04.82]     SharpCoreDB.Tests.DdlTests.DropIndex_RemovesInde
x_Success [FAIL]
  Failed SharpCoreDB.Tests.DdlTests.DropIndex_RemovesIndex_Success [549 ms]
  Error Message:
   System.InvalidOperationException : Table users(email) does not exist
  Stack Trace:
     at SharpCoreDB.Services.SqlParser.ExecuteCreateIndex(String sql, String[] parts, IWAL wal) in D:\source\repos\MPCoreDeveloper\SharpCoreDB\SharpCoreDB\Services\SqlParser.DDL.cs:line 116
   at SharpCoreDB.Services.SqlParser.ExecuteInternal(String sql, String[] parts, IWAL wal, Boolean noEncrypt) in D:\source\repos\MPCoreDeveloper\SharpCoreDB\SharpCoreDB\Services\SqlParser.DML.cs:line 31
   at SharpCoreDB.Services.SqlParser.Execute(String sql, Dictionary`2 parameters, IWAL wal) in D:\source\repos\MPCoreDeveloper\SharpCoreDB\SharpCoreDB\Services\SqlParser.Core.cs:line 113
   at SharpCoreDB.Services.SqlParser.Execute(String sql, IWAL wal) in D:\source\repos\MPCoreDeveloper\SharpCoreDB\SharpCoreDB\Services\SqlParser.Core.cs:line 66
   at SharpCoreDB.Database.ExecuteSQL(String sql) in D:\source\repos\MPCoreDeveloper\SharpCoreDB\SharpCoreDB\Database.cs:line 209
   at SharpCoreDB.Tests.DdlTests.DropIndex_RemovesIndex_Success() in D:\source\repos\MPCoreDeveloper\SharpCoreDB\SharpCoreDB.Tests\DdlTests.cs:line 130
   at System.Reflection.MethodBaseInvoker.InterpretedInvoke_Method(Object obj, IntPtr* args)
   at System.Reflection.MethodBaseInvoker.InvokeWithNoArgs(Object obj, BindingFlags invokeAttr)
[xUnit.net 00:00:05.56]     SharpCoreDB.Tests.DdlTests.DDL_DropAndRecreate_S
uccess [FAIL]
  Failed SharpCoreDB.Tests.DdlTests.DDL_DropAndRecreate_Success [738 ms]
  Error Message:
   Assert.Equal() Failure: Values differ
Expected: 42
Actual:   16777216
  Stack Trace:
     at SharpCoreDB.Tests.DdlTests.DDL_DropAndRecreate_Success() in D:\source\repos\MPCoreDeveloper\SharpCoreDB\SharpCoreDB.Tests\DdlTests.cs:line 316
   at System.Reflection.MethodBaseInvoker.InterpretedInvoke_Method(Object obj, IntPtr* args)
   at System.Reflection.MethodBaseInvoker.InvokeWithNoArgs(Object obj, BindingFlags invokeAttr)
[xUnit.net 00:00:06.18]     SharpCoreDB.Tests.DdlTests.DropIndex_IfExists_Ex
istingIndex_RemovesIndex [FAIL]
  Failed SharpCoreDB.Tests.DdlTests.DropIndex_IfExists_ExistingIndex_RemovesIndex [618 ms]
  Error Message:
   System.InvalidOperationException : Table users(email) does not exist
  Stack Trace:
     at SharpCoreDB.Services.SqlParser.ExecuteCreateIndex(String sql, String[] parts, IWAL wal) in D:\source\repos\MPCoreDeveloper\SharpCoreDB\SharpCoreDB\Services\SqlParser.DDL.cs:line 116
   at SharpCoreDB.Services.SqlParser.ExecuteInternal(String sql, String[] parts, IWAL wal, Boolean noEncrypt) in D:\source\repos\MPCoreDeveloper\SharpCoreDB\SharpCoreDB\Services\SqlParser.DML.cs:line 31
   at SharpCoreDB.Services.SqlParser.Execute(String sql, Dictionary`2 parameters, IWAL wal) in D:\source\repos\MPCoreDeveloper\SharpCoreDB\SharpCoreDB\Services\SqlParser.Core.cs:line 113
   at SharpCoreDB.Services.SqlParser.Execute(String sql, IWAL wal) in D:\source\repos\MPCoreDeveloper\SharpCoreDB\SharpCoreDB\Services\SqlParser.Core.cs:line 66
   at SharpCoreDB.Database.ExecuteSQL(String sql) in D:\source\repos\MPCoreDeveloper\SharpCoreDB\SharpCoreDB\Database.cs:line 209
   at SharpCoreDB.Tests.DdlTests.DropIndex_IfExists_ExistingIndex_RemovesIndex() in D:\source\repos\MPCoreDeveloper\SharpCoreDB\SharpCoreDB.Tests\DdlTests.cs:line 168
   at System.Reflection.MethodBaseInvoker.InterpretedInvoke_Method(Object obj, IntPtr* args)
   at System.Reflection.MethodBaseInvoker.InvokeWithNoArgs(Object obj, BindingFlags invokeAttr)
[xUnit.net 00:00:08.60]     SharpCoreDB.Tests.DdlTests.DDL_ComplexScenario_S
uccess [FAIL]
  Failed SharpCoreDB.Tests.DdlTests.DDL_ComplexScenario_Success [883 ms]
  Error Message:
   System.InvalidOperationException : Table users(email) does not exist
  Stack Trace:
     at SharpCoreDB.Services.SqlParser.ExecuteCreateIndex(String sql, String[] parts, IWAL wal) in D:\source\repos\MPCoreDeveloper\SharpCoreDB\SharpCoreDB\Services\SqlParser.DDL.cs:line 116
   at SharpCoreDB.Services.SqlParser.ExecuteInternal(String sql, String[] parts, IWAL wal, Boolean noEncrypt) in D:\source\repos\MPCoreDeveloper\SharpCoreDB\SharpCoreDB\Services\SqlParser.DML.cs:line 31
   at SharpCoreDB.Services.SqlParser.Execute(String sql, Dictionary`2 parameters, IWAL wal) in D:\source\repos\MPCoreDeveloper\SharpCoreDB\SharpCoreDB\Services\SqlParser.Core.cs:line 113
   at SharpCoreDB.Services.SqlParser.Execute(String sql, IWAL wal) in D:\source\repos\MPCoreDeveloper\SharpCoreDB\SharpCoreDB\Services\SqlParser.Core.cs:line 66
   at SharpCoreDB.Database.ExecuteSQL(String sql) in D:\source\repos\MPCoreDeveloper\SharpCoreDB\SharpCoreDB\Database.cs:line 209
   at SharpCoreDB.Tests.DdlTests.DDL_ComplexScenario_Success() in D:\source\repos\MPCoreDeveloper\SharpCoreDB\SharpCoreDB.Tests\DdlTests.cs:line 271
   at System.Reflection.MethodBaseInvoker.InterpretedInvoke_Method(Object obj, IntPtr* args)
   at System.Reflection.RuntimeMethodInfo.Invoke(Object obj, BindingFlags invokeAttr, Binder binder, Object[] parameters, CultureInfo culture)

Failed!  - Failed:     9, Passed:   317, Skipped:    20, Total:   346, Duration: 34 s - SharpCoreDB.Tests.dll (net10.0)
